Dump	Read
Dump	tmp.fstab before:
File	/dev/hda6                    /                reiserfs  defaults  1  2
File	foo.bar.com:/home            /home            nfs       defaults  0  0
File	foo.bar.com:/var/spool/mail  /var/spool/mail  nfs       defaults  0  0
File	/dev/hda7                    /a\040space      reiserfs  defaults  1  3
File	foo.bar.com:/space\040dir    /b\040space      nfs       defaults  0  0
Read	.sysconfig.nfs.NFS4_SUPPORT "yes"
Read	.sysconfig.nfs.NFS_SECURITY_GSS "yes"
Read	.etc.idmapd_conf.value.General.Domain "localhost"
Return	true
Dump	tmp.fstab after:
File	/dev/hda6                    /                reiserfs  defaults  1  2
File	foo.bar.com:/home            /home            nfs       defaults  0  0
File	foo.bar.com:/var/spool/mail  /var/spool/mail  nfs       defaults  0  0
File	/dev/hda7                    /a\040space      reiserfs  defaults  1  3
File	foo.bar.com:/space\040dir    /b\040space      nfs       defaults  0  0
Dump	Write OK
Dump	tmp.fstab before:
File	/dev/hda6                    /                reiserfs  defaults  1  2
File	foo.bar.com:/home            /home            nfs       defaults  0  0
File	foo.bar.com:/var/spool/mail  /var/spool/mail  nfs       defaults  0  0
File	/dev/hda7                    /a\040space      reiserfs  defaults  1  3
File	foo.bar.com:/space\040dir    /b\040space      nfs       defaults  0  0
Execute	.target.mkdir "/home" true
Execute	.target.mkdir "/var/spool/mail" true
Execute	.target.mkdir "/b space" true
Execute	.target.bash "/bin/cp $ORIG $BACKUP" $["BACKUP":"/etc/fstab.YaST2.save", "ORIG":"/etc/fstab"] 0
Write	.sysconfig.nfs.NFS4_SUPPORT "yes" true
Write	.etc.idmapd_conf.value.General.Domain "localhost" true
Write	.etc.idmapd_conf nil true
Write	.sysconfig.nfs.NFS_SECURITY_GSS "yes" true
Log	Cannot start 'portmap' service
Return	false
Dump	tmp.fstab after:
File	/dev/hda6                    /                reiserfs  defaults  1  2
File	foo.bar.com:/home            /home            nfs       defaults  0  0
File	foo.bar.com:/var/spool/mail  /var/spool/mail  nfs       defaults  0  0
File	/dev/hda7                    /a\040space      reiserfs  defaults  1  3
File	foo.bar.com:/space\040dir    /b\040space      nfs       defaults  0  0
Dump	Write KO
Dump	tmp.fstab before:
File	/dev/hda6                    /                reiserfs  defaults  1  2
File	foo.bar.com:/home            /home            nfs       defaults  0  0
File	foo.bar.com:/var/spool/mail  /var/spool/mail  nfs       defaults  0  0
File	/dev/hda7                    /a\040space      reiserfs  defaults  1  3
File	foo.bar.com:/space\040dir    /b\040space      nfs       defaults  0  0
Execute	.target.mkdir "/home" true
Execute	.target.mkdir "/var/spool/mail" true
Execute	.target.mkdir "/b space" true
Execute	.target.bash "/bin/cp $ORIG $BACKUP" $["BACKUP":"/etc/fstab.YaST2.save", "ORIG":"/etc/fstab"] 0
Write	.sysconfig.nfs.NFS4_SUPPORT "yes" true
Write	.etc.idmapd_conf.value.General.Domain "localhost" true
Write	.etc.idmapd_conf nil true
Write	.sysconfig.nfs.NFS_SECURITY_GSS "yes" true
Log	Cannot start 'portmap' service
Return	false
Dump	tmp.fstab after:
File	/dev/hda6                    /                reiserfs  defaults  1  2
File	foo.bar.com:/home            /home            nfs       defaults  0  0
File	foo.bar.com:/var/spool/mail  /var/spool/mail  nfs       defaults  0  0
File	/dev/hda7                    /a\040space      reiserfs  defaults  1  3
File	foo.bar.com:/space\040dir    /b\040space      nfs       defaults  0  0
